function _interopRequireDefault(obj) { return obj && obj.__esModule ? obj : { 'default': obj }; }

var _rxjsBundlesRxMinJs = require('rxjs/bundles/Rx.min.js');

var _rxjsBundlesRxMinJs2 = _interopRequireDefault(_rxjsBundlesRxMinJs);

assert(_rxjsBundlesRxMinJs2['default'].Observable === _rxjsBundlesRxMinJs.Observable);
