require('aaa-side-effect');
require('bbb-side-effect');
require('ccc-side-effect');

var AAA = require('AAA');
var BBB = require('BBB');
var CCC = require('CCC');

var aaa = require('aaa');
var bbb = require('bbb');
var ccc = require('ccc');

// Make sure they are used.
aaa(AAA);
bbb(BBB);
ccc(CCC);
