function _interopRequireWildcard(obj) { if (obj && obj.__esModule) { return obj; } else { var newObj = {}; if (obj != null) { for (var key in obj) { if (Object.prototype.hasOwnProperty.call(obj, key)) newObj[key] = obj[key]; } } newObj['default'] = obj; return newObj; } }

var _Foo2;

function _Foo() {
  return _Foo2 = _interopRequireWildcard(require('Foo'));
}

function test() {
  new (_Foo2 || _Foo()).default();
  (_Foo2 || _Foo()).baz();
}
