function _interopRequireDefault(obj) { return obj && obj.__esModule ? obj : { 'default': obj }; }

var _Foo;

function _load_Foo() {
  return _Foo = _interopRequireDefault(require('Foo'));
}

var _Foo2;

function _load_Foo2() {
  return _Foo2 = require('Foo');
}

function test() {
  new (_Foo || _load_Foo()).default();
  (0, (_Foo2 || _load_Foo2()).bar)();
}
