function _interopRequireWildcard(obj) { if (obj && obj.__esModule) { return obj; } else { var newObj = {}; if (obj != null) { for (var key in obj) { if (Object.prototype.hasOwnProperty.call(obj, key)) newObj[key] = obj[key]; } } newObj['default'] = obj; return newObj; } }

function _interopRequireDefault(obj) { return obj && obj.__esModule ? obj : { 'default': obj }; }

require('x');

//---

var _x12;

function _x1() {
  return _x12 = _interopRequireDefault(require('x1'));
}

var _x14;

function _x13() {
  return _x14 = _interopRequireWildcard(require('x1'));
}

var _x16;

function _x15() {
  return _x16 = _interopRequireWildcard(require('x1'));
}

(0, (_x12 || _x1()).default)();
(_x12 || _x1()).default.quux();

XYZ((_x12 || _x1()).default);
XYZ((_x12 || _x1()).default.quux);

new (_x12 || _x1()).default();
new (_x12 || _x1()).default.quux();

(0, _x14 || _x13())();
(_x14 || _x13()).quux();

XYZ(_x14 || _x13());
XYZ((_x14 || _x13()).quux);

new (_x14 || _x13())();
new (_x14 || _x13()).quux();

(0, (_x16 || _x15()).default)();
(_x16 || _x15()).default.quux();

XYZ((_x16 || _x15()).default);
XYZ((_x16 || _x15()).default.quux);

new (_x16 || _x15()).default();
new (_x16 || _x15()).default.quux();

(0, _x16 || _x15())();
(_x16 || _x15()).quux();

XYZ(_x16 || _x15());
XYZ((_x16 || _x15()).quux);

new (_x16 || _x15())();
new (_x16 || _x15()).quux();

//---

var _x22;

function _x2() {
  return _x22 = require('x2');
}

var _x24;

function _x23() {
  return _x24 = _interopRequireDefault(require('x2'));
}

var _x26;

function _x25() {
  return _x26 = require('x2');
}

var _x28;

function _x27() {
  return _x28 = _interopRequireDefault(require('x2'));
}

var _x210;

function _x29() {
  return _x210 = require('x2');
}

(0, (_x22 || _x2()).baz2A)();
(_x22 || _x2()).baz2A.quux();

XYZ((_x22 || _x2()).baz2A);
XYZ((_x22 || _x2()).baz2A.quux);

new (_x22 || _x2()).baz2A();
new (_x22 || _x2()).baz2A.quux();

(0, (_x24 || _x23()).default)();
(_x24 || _x23()).default.quux();

XYZ((_x24 || _x23()).default);
XYZ((_x24 || _x23()).default.quux);

new (_x24 || _x23()).default();
new (_x24 || _x23()).default.quux();

(0, (_x26 || _x25()).baz2B)();
(_x26 || _x25()).baz2B.quux();

XYZ((_x26 || _x25()).baz2B);
XYZ((_x26 || _x25()).baz2B.quux);

new (_x26 || _x25()).baz2B();
new (_x26 || _x25()).baz2B.quux();

(0, (_x28 || _x27()).default)();
(_x28 || _x27()).default.quux();

XYZ((_x28 || _x27()).default);
XYZ((_x28 || _x27()).default.quux);

new (_x28 || _x27()).default();
new (_x28 || _x27()).default.quux();

(0, (_x28 || _x27()).default)();
(_x28 || _x27()).default.quux();

XYZ((_x28 || _x27()).default);
XYZ((_x28 || _x27()).default.quux);

new (_x28 || _x27()).default();
new (_x28 || _x27()).default.quux();

(0, (_x210 || _x29()).baz2C)();
(_x210 || _x29()).baz2C.quux();

XYZ((_x210 || _x29()).baz2C);
XYZ((_x210 || _x29()).baz2C.quux);

new (_x210 || _x29()).baz2C();
new (_x210 || _x29()).baz2C.quux();

//---

var _x32;

function _x3() {
  return _x32 = _interopRequireDefault(require('x3'));
}

var _x34;

function _x33() {
  return _x34 = require('x3');
}

baz3A();
baz3A.quux();

XYZ(baz3A);
XYZ(baz3A.quux);

new baz3A();
new baz3A.quux();

(0, (_x34 || _x33()).baz3A)();
(_x34 || _x33()).baz3A.quux();

XYZ((_x34 || _x33()).baz3A);
XYZ((_x34 || _x33()).baz3A.quux);

new (_x34 || _x33()).baz3A();
new (_x34 || _x33()).baz3A.quux();

(0, (_x32 || _x3()).default)();
(_x32 || _x3()).default.quux();

XYZ((_x32 || _x3()).default);
XYZ((_x32 || _x3()).default.quux);

new (_x32 || _x3()).default();
new (_x32 || _x3()).default.quux();
