function _interopRequireWildcard(obj) { if (obj && obj.__esModule) { return obj; } else { var newObj = {}; if (obj != null) { for (var key in obj) { if (Object.prototype.hasOwnProperty.call(obj, key)) newObj[key] = obj[key]; } } newObj['default'] = obj; return newObj; } }

function _interopRequireDefault(obj) { return obj && obj.__esModule ? obj : { 'default': obj }; }

require('x');

//---

var _x1;

function _load_x1() {
  return _x1 = _interopRequireDefault(require('x1'));
}

var _x12;

function _load_x12() {
  return _x12 = _interopRequireWildcard(require('x1'));
}

var _x13;

function _load_x13() {
  return _x13 = _interopRequireWildcard(require('x1'));
}

(0, (_x1 || _load_x1()).default)();
(_x1 || _load_x1()).default.quux();

XYZ((_x1 || _load_x1()).default);
XYZ((_x1 || _load_x1()).default.quux);

new (_x1 || _load_x1()).default();
new (_x1 || _load_x1()).default.quux();

(0, _x12 || _load_x12())();
(_x12 || _load_x12()).quux();

XYZ(_x12 || _load_x12());
XYZ((_x12 || _load_x12()).quux);

new (_x12 || _load_x12())();
new (_x12 || _load_x12()).quux();

(0, (_x13 || _load_x13()).default)();
(_x13 || _load_x13()).default.quux();

XYZ((_x13 || _load_x13()).default);
XYZ((_x13 || _load_x13()).default.quux);

new (_x13 || _load_x13()).default();
new (_x13 || _load_x13()).default.quux();

(0, _x13 || _load_x13())();
(_x13 || _load_x13()).quux();

XYZ(_x13 || _load_x13());
XYZ((_x13 || _load_x13()).quux);

new (_x13 || _load_x13())();
new (_x13 || _load_x13()).quux();

//---

var _x2;

function _load_x2() {
  return _x2 = require('x2');
}

var _x22;

function _load_x22() {
  return _x22 = _interopRequireDefault(require('x2'));
}

var _x23;

function _load_x23() {
  return _x23 = require('x2');
}

var _x24;

function _load_x24() {
  return _x24 = _interopRequireDefault(require('x2'));
}

var _x25;

function _load_x25() {
  return _x25 = require('x2');
}

(0, (_x2 || _load_x2()).baz2A)();
(_x2 || _load_x2()).baz2A.quux();

XYZ((_x2 || _load_x2()).baz2A);
XYZ((_x2 || _load_x2()).baz2A.quux);

new (_x2 || _load_x2()).baz2A();
new (_x2 || _load_x2()).baz2A.quux();

(0, (_x22 || _load_x22()).default)();
(_x22 || _load_x22()).default.quux();

XYZ((_x22 || _load_x22()).default);
XYZ((_x22 || _load_x22()).default.quux);

new (_x22 || _load_x22()).default();
new (_x22 || _load_x22()).default.quux();

(0, (_x23 || _load_x23()).baz2B)();
(_x23 || _load_x23()).baz2B.quux();

XYZ((_x23 || _load_x23()).baz2B);
XYZ((_x23 || _load_x23()).baz2B.quux);

new (_x23 || _load_x23()).baz2B();
new (_x23 || _load_x23()).baz2B.quux();

(0, (_x24 || _load_x24()).default)();
(_x24 || _load_x24()).default.quux();

XYZ((_x24 || _load_x24()).default);
XYZ((_x24 || _load_x24()).default.quux);

new (_x24 || _load_x24()).default();
new (_x24 || _load_x24()).default.quux();

(0, (_x24 || _load_x24()).default)();
(_x24 || _load_x24()).default.quux();

XYZ((_x24 || _load_x24()).default);
XYZ((_x24 || _load_x24()).default.quux);

new (_x24 || _load_x24()).default();
new (_x24 || _load_x24()).default.quux();

(0, (_x25 || _load_x25()).baz2C)();
(_x25 || _load_x25()).baz2C.quux();

XYZ((_x25 || _load_x25()).baz2C);
XYZ((_x25 || _load_x25()).baz2C.quux);

new (_x25 || _load_x25()).baz2C();
new (_x25 || _load_x25()).baz2C.quux();

//---

var _x3;

function _load_x3() {
  return _x3 = _interopRequireDefault(require('x3'));
}

var _x32;

function _load_x32() {
  return _x32 = require('x3');
}

baz3A();
baz3A.quux();

XYZ(baz3A);
XYZ(baz3A.quux);

new baz3A();
new baz3A.quux();

(0, (_x32 || _load_x32()).baz3A)();
(_x32 || _load_x32()).baz3A.quux();

XYZ((_x32 || _load_x32()).baz3A);
XYZ((_x32 || _load_x32()).baz3A.quux);

new (_x32 || _load_x32()).baz3A();
new (_x32 || _load_x32()).baz3A.quux();

(0, (_x3 || _load_x3()).default)();
(_x3 || _load_x3()).default.quux();

XYZ((_x3 || _load_x3()).default);
XYZ((_x3 || _load_x3()).default.quux);

new (_x3 || _load_x3()).default();
new (_x3 || _load_x3()).default.quux();
