if (aaaaaaaaaaaaaaaaaaaa || bbbbbbbbbbbbbbbbbbbb || cccccccccccccccccccc) {
  meh();
}

if (
  aaaaaaaaaaaaaaaaaaaa ||
  bbbbbbbbbbbbbbbbbbbb ||
  cccccccccccccccccccc ||
  dddddddddddddddddddd
) {
  meh();
} else if (
  aaaaaaaaaaaaaaaaaaaa ||
  (bbbbbbbbbbbbbbbbbbbb && cccccccccccccccccccc) ||
  dddddddddddddddddddd
) {
  meh();
}

if (aaaaaaaaaaaaaaaaaaaa | bbbbbbbbbbbbbbbbbbbb | cccccccccccccccccccc) {
  meh();
}

if (
  aaaaaaaaaaaaaaaaaaaa |
  bbbbbbbbbbbbbbbbbbbb |
  cccccccccccccccccccc |
  dddddddddddddddddddd
) {
  meh();
} else if (
  aaaaaaaaaaaaaaaaaaaa |
  (bbbbbbbbbbbbbbbbbbbb & cccccccccccccccccccc) |
  dddddddddddddddddddd
) {
  meh();
}
